subscriber running. Please press Ctrl+C to stop the subscriber at any time.
DataSample Subscriber matched.
Sample '1' RECEIVED
Sample '2' RECEIVED
Sample '3' RECEIVED
Sample '4' RECEIVED
Sample '5' RECEIVED
Sample '6' RECEIVED
Sample '7' RECEIVED
Sample '8' RECEIVED
Sample '9' RECEIVED
Sample '10' RECEIVED
Sample '11' RECEIVED
Sample '12' RECEIVED
Sample '13' RECEIVED
Sample '14' RECEIVED
Sample '15' RECEIVED
Sample '16' RECEIVED
Sample '17' RECEIVED
Sample '18' RECEIVED
Sample '19' RECEIVED
Sample '20' RECEIVED
Sample '21' RECEIVED
Sample '22' RECEIVED
Sample '23' RECEIVED
Sample '24' RECEIVED
Sample '25' RECEIVED
Sample '26' RECEIVED
Sample '27' RECEIVED
Sample '28' RECEIVED
Sample '29' RECEIVED
Sample '30' RECEIVED
Sample '31' RECEIVED
Sample '32' RECEIVED
Sample '33' RECEIVED
Sample '34' RECEIVED
Sample '35' RECEIVED
Sample '36' RECEIVED
Sample '37' RECEIVED
Sample '38' RECEIVED
Sample '39' RECEIVED
Sample '40' RECEIVED
Sample '41' RECEIVED
Sample '42' RECEIVED
Sample '43' RECEIVED
Sample '44' RECEIVED
Sample '45' RECEIVED
Sample '46' RECEIVED
Sample '47' RECEIVED
Sample '48' RECEIVED
Sample '49' RECEIVED
Sample '50' RECEIVED
Sample '51' RECEIVED
Sample '52' RECEIVED
Sample '53' RECEIVED
Sample '54' RECEIVED
Sample '55' RECEIVED
Sample '56' RECEIVED
Sample '57' RECEIVED
Sample '58' RECEIVED
Sample '59' RECEIVED
Sample '60' RECEIVED
Sample '61' RECEIVED
Sample '62' RECEIVED
Sample '63' RECEIVED
Sample '64' RECEIVED
Sample '65' RECEIVED
Sample '66' RECEIVED
Sample '67' RECEIVED
Sample '68' RECEIVED
Sample '69' RECEIVED
Sample '70' RECEIVED
Sample '71' RECEIVED
Sample '72' RECEIVED
Sample '73' RECEIVED
Sample '74' RECEIVED
Sample '75' RECEIVED
Sample '76' RECEIVED
Sample '77' RECEIVED
Sample '78' RECEIVED
Sample '79' RECEIVED
Sample '80' RECEIVED
Sample '81' RECEIVED
Sample '82' RECEIVED
Sample '83' RECEIVED
Sample '84' RECEIVED
Sample '85' RECEIVED
Sample '86' RECEIVED
Sample '87' RECEIVED
Sample '88' RECEIVED
Sample '89' RECEIVED
Sample '90' RECEIVED
Sample '91' RECEIVED
Sample '92' RECEIVED
Sample '93' RECEIVED
Sample '94' RECEIVED
Sample '95' RECEIVED
Sample '96' RECEIVED
Sample '97' RECEIVED
Sample '98' RECEIVED
Sample '99' RECEIVED
Sample '100' RECEIVED
Sample '101' RECEIVED
Sample '102' RECEIVED
Sample '103' RECEIVED
Sample '104' RECEIVED
Sample '105' RECEIVED
Sample '106' RECEIVED
Sample '107' RECEIVED
Sample '108' RECEIVED
Sample '109' RECEIVED
Sample '110' RECEIVED
Sample '111' RECEIVED
Sample '112' RECEIVED
Sample '113' RECEIVED
Sample '114' RECEIVED
Sample '115' RECEIVED
Sample '116' RECEIVED
Sample '117' RECEIVED
Sample '118' RECEIVED
Sample '119' RECEIVED
Sample '120' RECEIVED
Sample '121' RECEIVED
Sample '122' RECEIVED
Sample '123' RECEIVED
Sample '124' RECEIVED
Sample '125' RECEIVED
Sample '126' RECEIVED
Sample '127' RECEIVED
Sample '128' RECEIVED
Sample '129' RECEIVED
Sample '130' RECEIVED
Sample '131' RECEIVED
Sample '132' RECEIVED
Sample '133' RECEIVED
Sample '134' RECEIVED
Sample '135' RECEIVED
Sample '136' RECEIVED
Sample '137' RECEIVED
Sample '138' RECEIVED
Sample '139' RECEIVED
Sample '140' RECEIVED
Sample '141' RECEIVED
Sample '142' RECEIVED
Sample '143' RECEIVED
Sample '144' RECEIVED
Sample '145' RECEIVED
Sample '146' RECEIVED
Sample '147' RECEIVED
Sample '148' RECEIVED
Sample '149' RECEIVED
Sample '150' RECEIVED
Sample '151' RECEIVED
Sample '152' RECEIVED
Sample '153' RECEIVED
Sample '154' RECEIVED
Sample '155' RECEIVED
Sample '156' RECEIVED
Sample '157' RECEIVED
Sample '158' RECEIVED
Sample '159' RECEIVED
Sample '160' RECEIVED
Sample '161' RECEIVED
Sample '162' RECEIVED
Sample '163' RECEIVED
Sample '164' RECEIVED
Sample '165' RECEIVED
Sample '166' RECEIVED
Sample '167' RECEIVED
Sample '168' RECEIVED
Sample '169' RECEIVED
Sample '170' RECEIVED
Sample '171' RECEIVED
Sample '172' RECEIVED
Sample '173' RECEIVED
Sample '174' RECEIVED
Sample '175' RECEIVED
Sample '176' RECEIVED
Sample '177' RECEIVED
Sample '178' RECEIVED
Sample '179' RECEIVED
Sample '180' RECEIVED
Sample '181' RECEIVED
Sample '182' RECEIVED
Sample '183' RECEIVED
Sample '184' RECEIVED
Sample '185' RECEIVED
Sample '186' RECEIVED
Sample '187' RECEIVED
Sample '188' RECEIVED
Sample '189' RECEIVED
Sample '190' RECEIVED
Sample '191' RECEIVED
Sample '192' RECEIVED
Sample '193' RECEIVED
DataSample Subscriber unmatched.

SIGHUP received, stopping subscriber execution.
